Microchip MPLAB XC8 Compiler V2.32

Linker command line:

-W-3 --edf=C:\Program Files\Microchip\xc8\v2.32\pic\dat\en_msgs.txt -cn \
  -h+dist/default/production\projetofinal.X.production.sym \
  --cmf=dist/default/production\projetofinal.X.production.cmf -z -Q18F4520 \
  -oC:\Users\Orlando Beco\AppData\Local\Temp\xcAs9u4.4 \
  --defsym=__MPLAB_BUILD=1 \
  -Mdist/default/production/projetofinal.X.production.map -E1 \
  -ver=XC8 Compiler --acfsm=1493 -ASTACK=080h-05FFh -pstack=STACK \
  -ACODE=00h-07FFFh -ACONST=00h-07FFFh -ASMALLCONST=0600h-06FFhx122 \
  -AMEDIUMCONST=0600h-07FFFh -ACOMRAM=01h-07Fh -AABS1=00h-05FFh \
  -ABIGRAM=01h-05FFh -ARAM=080h-0FFh,0100h-01FFhx5 -ABANK0=080h-0FFh \
  -ABANK1=0100h-01FFh -ABANK2=0200h-02FFh -ABANK3=0300h-03FFh \
  -ABANK4=0400h-04FFh -ABANK5=0500h-05FFh -ASFR=0F80h-0FFFh \
  -ACONFIG=0300000h-030000Dh -AIDLOC=0200000h-0200007h \
  -AEEDATA=0F00000h-0F000FFh -peeprom_data=EEDATA \
  -preset_vec=00h,intcode,intcodelo,powerup,init -pramtop=0600h \
  -psmallconst=SMALLCONST -pmediumconst=MEDIUMCONST -pconst=CONST \
  -AFARRAM=00h-00h \
  -prdata=COMRAM,nvrram=COMRAM,nvbit=COMRAM,rbss=COMRAM,rbit=COMRAM \
  -pfarbss=FARRAM,fardata=FARRAM,nvFARRAM=FARRAM \
  -pintsave_regs=BIGRAM,bigbss=BIGRAM,bigdata=BIGRAM -pbss=RAM \
  -pidata=CODE,irdata=CODE,ibigdata=CODE,ifardata=CODE -prparam=COMRAM \
  C:\Users\Orlando Beco\AppData\Local\Temp\xcAs9u4.o \
  dist/default/production\projetofinal.X.production.o 

Object code version is 3.11

Machine type is 18F4520



                Name                               Link     Load   Length Selector   Space Scale
C:\Users\Orlando Beco\AppData\Local\Temp\xcAs9u4.o
                idloc                            200000   200000        8        0       5
                config                           300000   300000        E        0       4
                init                                  0        0        4        0       0
dist/default/production\projetofinal.X.production.o
                idloc                            200000   200000        8        0       5
                config                           300000   300000        E        0       4
                smallconst                          600      600       98      300       0
                text27                              8E6      8E6      24E      34C       0
                text26                             14B4     14B4       30      34C       0
                text25                              DA0      DA0       C4      34C       0
                text24                             1418     1418       50      34C       0
                text23                             108C     108C       74      34C       0
                text22                             14E4     14E4       26      34C       0
                text21                             1100     1100       6C      34C       0
                text20                             11D0     11D0       5C      34C       0
                text19                             1526     1526       18      34C       0
                text18                             150A     150A       1C      34C       0
                text17                              698      698      24E      34C       0
                text16                              F1E      F1E       7E      34C       0
                text15                             12D4     12D4       54      34C       0
                text14                             13C8     13C8       50      34C       0
                text13                             1378     1378       50      34C       0
                text12                              B34      B34      17E      34C       0
                text11                             1572     1572        A      34C       0
                text10                             1280     1280       54      34C       0
                text9                              122C     122C       54      34C       0
                text8                              1468     1468       4C      34C       0
                text7                               CB2      CB2       EE      34C       0
                text6                              1568     1568        A      34C       0
                text5                              1014     1014       78      34C       0
                text4                               F9C      F9C       78      34C       0
                text3                              1328     1328       50      34C       0
                text2                               E64      E64       BA      34C       0
                text1                              1554     1554       14      34C       0
                text0                              116C     116C       64      34C       0
                cstackCOMRAM                         16       16       12        1       1
                bssCOMRAM                             1        1       15        1       1
                cinit                              153E     153E       16      34C       0
                nvCOMRAM                             28       28        2        1       1

TOTAL           Name                               Link     Load   Length     Space
        CLASS   STACK          

        CLASS   CODE           
                init                                  0        0        4         0
                text27                              8E6      8E6      24E         0
                text26                             14B4     14B4       30         0
                text25                              DA0      DA0       C4         0
                text24                             1418     1418       50         0
                text23                             108C     108C       74         0
                text22                             14E4     14E4       26         0
                text21                             1100     1100       6C         0
                text20                             11D0     11D0       5C         0
                text19                             1526     1526       18         0
                text18                             150A     150A       1C         0
                text17                              698      698      24E         0
                text16                              F1E      F1E       7E         0
                text15                             12D4     12D4       54         0
                text14                             13C8     13C8       50         0
                text13                             1378     1378       50         0
                text12                              B34      B34      17E         0
                text11                             1572     1572        A         0
                text10                             1280     1280       54         0
                text9                              122C     122C       54         0
                text8                              1468     1468       4C         0
                text7                               CB2      CB2       EE         0
                text6                              1568     1568        A         0
                text5                              1014     1014       78         0
                text4                               F9C      F9C       78         0
                text3                              1328     1328       50         0
                text2                               E64      E64       BA         0
                text1                              1554     1554       14         0
                text0                              116C     116C       64         0
                cinit                              153E     153E       16         0

        CLASS   CONST          

        CLASS   SMALLCONST     
                smallconst                          600      600       98         0

        CLASS   MEDIUMCONST    

        CLASS   COMRAM         
                cstackCOMRAM                         16       16       12         1
                bssCOMRAM                             1        1       15         1
                nvCOMRAM                             28       28        2         1

        CLASS   ABS1           

        CLASS   BIGRAM         

        CLASS   RAM            

        CLASS   BANK0          

        CLASS   BANK1          

        CLASS   BANK2          

        CLASS   BANK3          

        CLASS   BANK4          

        CLASS   BANK5          

        CLASS   SFR            

        CLASS   CONFIG         
                config                           300000   300000        E         4

        CLASS   IDLOC          
                idloc                            200000   200000        8         5

        CLASS   EEDATA         

        CLASS   FARRAM         



SEGMENTS        Name                           Load    Length   Top    Selector   Space  Class

                reset_vec                      000000  000004  000004         0       0  CODE    
                bssCOMRAM                      000001  000029  00002A         1       1  COMRAM  
                smallconst                     000600  000098  000698       300       0  SMALLCON
                text17                         000698  000EE4  00157C       34C       0  CODE    


UNUSED ADDRESS RANGES

        Name                Unused          Largest block    Delta
        BANK0            000080-0000FF               80
        BANK1            000100-0001FF              100
        BANK2            000200-0002FF              100
        BANK3            000300-0003FF              100
        BANK4            000400-0004FF              100
        BANK5            000500-0005FF              100
        BIGRAM           00002A-0005FF              5D6
        CODE             000004-0005FF              5FC
                         00157C-007FFF             6A84
        COMRAM           00002A-00007F               56
        CONST            000004-0005FF              5FC
                         00157C-007FFF             6A84
        EEDATA           F00000-F000FF              100
        MEDIUMCONST      00157C-007FFF             6A84
        RAM              000080-0005FF              100
        SFR              000F80-000FFF               80
        SMALLCONST       00157C-007FFF              100
        STACK            000080-0005FF              580

                                  Symbol Table

?___awdiv                cstackCOMRAM 000020
?___lwdiv                cstackCOMRAM 000016
?___wmul                 cstackCOMRAM 00001A
?_adcRead                cstackCOMRAM 000016
?_kpRead                 cstackCOMRAM 000016
Delay2ms@i               cstackCOMRAM 000017
Delay40us@i              cstackCOMRAM 000016
_ADCON0                  (abs)        000FC2
_ADCON1                  (abs)        000FC1
_ADCON2                  (abs)        000FC0
_ADRESH                  (abs)        000FC4
_ADRESL                  (abs)        000FC3
_Delay2ms                text18       00150A
_Delay40us               text19       001526
_PORTA                   (abs)        000F80
_PORTB                   (abs)        000F81
_PORTC                   (abs)        000F82
_PORTCbits               (abs)        000F82
_PORTD                   (abs)        000F83
_PORTE                   (abs)        000F84
_PORTEbits               (abs)        000F84
_TRISA                   (abs)        000F92
_TRISB                   (abs)        000F93
_TRISC                   (abs)        000F94
_TRISD                   (abs)        000F95
_TRISE                   (abs)        000F96
__HRAM                   (abs)        000000
__Habs1                  abs1         000000
__Hbank0                 bank0        000000
__Hbank1                 bank1        000000
__Hbank2                 bank2        000000
__Hbank3                 bank3        000000
__Hbank4                 bank4        000000
__Hbank5                 bank5        000000
__Hbigbss                bigbss       000000
__Hbigdata               bigdata      000000
__Hbigram                bigram       000000
__Hbss                   bss          000000
__HbssCOMRAM             bssCOMRAM    000000
__Hcinit                 cinit        000000
__Hclrtext               clrtext      000000
__Hcomram                comram       000000
__Hconfig                config       30000E
__Hconst                 const        000000
__HcstackCOMRAM          cstackCOMRAM 000000
__Hdata                  data         000000
__Heeprom_data           eeprom_data  000000
__Hfarbss                farbss       000000
__Hfardata               fardata      000000
__Hibigdata              ibigdata     000000
__Hidata                 idata        000000
__Hidloc                 idloc        200008
__Hifardata              ifardata     000000
__Hinit                  init         000004
__Hintcode               intcode      000000
__Hintcode_body          intcode_body 000000
__Hintcodelo             intcodelo    000000
__Hintentry              intentry     000000
__Hintret                intret       000000
__Hintsave_regs          intsave_regs 000000
__Hirdata                irdata       000000
__Hmediumconst           mediumconst  000000
__HnvCOMRAM              nvCOMRAM     000000
__HnvFARRAM              nvFARRAM     000000
__Hnvbit                 nvbit        000000
__Hnvrram                nvrram       000000
__Hparam                 rparam       000000
__Hpowerup               powerup      000000
__Hram                   ram          000000
__Hramtop                ramtop       000600
__Hrbit                  rbit         000000
__Hrbss                  rbss         000000
__Hrdata                 rdata        000000
__Hreset_vec             reset_vec    000000
__Hrparam                rparam       000000
__Hsfr                   sfr          000000
__Hsmallconst            smallconst   000698
__Hspace_0               (abs)        00157C
__Hspace_1               (abs)        00002A
__Hspace_2               (abs)        000000
__Hspace_4               (abs)        60000E
__Hstack                 stack        000000
__Hstruct                struct       000000
__Htemp                  temp         000000
__Htext                  text         000000
__Htext0                 text0        000000
__Htext1                 text1        000000
__Htext10                text10       000000
__Htext11                text11       000000
__Htext12                text12       000000
__Htext13                text13       000000
__Htext14                text14       000000
__Htext15                text15       000000
__Htext16                text16       000000
__Htext17                text17       000000
__Htext18                text18       000000
__Htext19                text19       000000
__Htext2                 text2        000000
__Htext20                text20       000000
__Htext21                text21       000000
__Htext22                text22       000000
__Htext23                text23       000000
__Htext24                text24       000000
__Htext25                text25       000000
__Htext26                text26       000000
__Htext27                text27       000000
__Htext3                 text3        000000
__Htext4                 text4        000000
__Htext5                 text5        000000
__Htext6                 text6        000000
__Htext7                 text7        000000
__Htext8                 text8        000000
__Htext9                 text9        000000
__LRAM                   (abs)        000001
__Labs1                  abs1         000000
__Lbank0                 bank0        000000
__Lbank1                 bank1        000000
__Lbank2                 bank2        000000
__Lbank3                 bank3        000000
__Lbank4                 bank4        000000
__Lbank5                 bank5        000000
__Lbigbss                bigbss       000000
__Lbigdata               bigdata      000000
__Lbigram                bigram       000000
__Lbss                   bss          000000
__LbssCOMRAM             bssCOMRAM    000000
__Lcinit                 cinit        000000
__Lclrtext               clrtext      000000
__Lcomram                comram       000000
__Lconfig                config       000000
__Lconst                 const        000000
__LcstackCOMRAM          cstackCOMRAM 000000
__Ldata                  data         000000
__Leeprom_data           eeprom_data  000000
__Lfarbss                farbss       000000
__Lfardata               fardata      000000
__Libigdata              ibigdata     000000
__Lidata                 idata        000000
__Lidloc                 idloc        000000
__Lifardata              ifardata     000000
__Linit                  init         000000
__Lintcode               intcode      000000
__Lintcode_body          intcode_body 000000
__Lintcodelo             intcodelo    000000
__Lintentry              intentry     000000
__Lintret                intret       000000
__Lintsave_regs          intsave_regs 000000
__Lirdata                irdata       000000
__Lmediumconst           mediumconst  000000
__LnvCOMRAM              nvCOMRAM     000000
__LnvFARRAM              nvFARRAM     000000
__Lnvbit                 nvbit        000000
__Lnvrram                nvrram       000000
__Lparam                 rparam       000000
__Lpowerup               powerup      000000
__Lram                   ram          000000
__Lramtop                ramtop       000600
__Lrbit                  rbit         000000
__Lrbss                  rbss         000000
__Lrdata                 rdata        000000
__Lreset_vec             reset_vec    000000
__Lrparam                rparam       000000
__Lsfr                   sfr          000000
__Lsmallconst            smallconst   000600
__Lspace_0               (abs)        000000
__Lspace_1               (abs)        000000
__Lspace_2               (abs)        000000
__Lspace_4               (abs)        000000
__Lstack                 stack        000000
__Lstruct                struct       000000
__Ltemp                  temp         000000
__Ltext                  text         000000
__Ltext0                 text0        000000
__Ltext1                 text1        000000
__Ltext10                text10       000000
__Ltext11                text11       000000
__Ltext12                text12       000000
__Ltext13                text13       000000
__Ltext14                text14       000000
__Ltext15                text15       000000
__Ltext16                text16       000000
__Ltext17                text17       000000
__Ltext18                text18       000000
__Ltext19                text19       000000
__Ltext2                 text2        000000
__Ltext20                text20       000000
__Ltext21                text21       000000
__Ltext22                text22       000000
__Ltext23                text23       000000
__Ltext24                text24       000000
__Ltext25                text25       000000
__Ltext26                text26       000000
__Ltext27                text27       000000
__Ltext3                 text3        000000
__Ltext4                 text4        000000
__Ltext5                 text5        000000
__Ltext6                 text6        000000
__Ltext7                 text7        000000
__Ltext8                 text8        000000
__Ltext9                 text9        000000
__S0                     (abs)        00157C
__S1                     (abs)        00002A
__S2                     (abs)        000000
__S4                     (abs)        000000
__S5                     (abs)        000000
___awdiv                 text25       000DA0
___awdiv@counter         cstackCOMRAM 000024
___awdiv@dividend        cstackCOMRAM 000020
___awdiv@divisor         cstackCOMRAM 000022
___awdiv@quotient        cstackCOMRAM 000026
___awdiv@sign            cstackCOMRAM 000025
___inthi_sp              stack        000000
___intlo_sp              stack        000000
___lwdiv                 text23       00108C
___lwdiv@counter         cstackCOMRAM 00001C
___lwdiv@dividend        cstackCOMRAM 000016
___lwdiv@divisor         cstackCOMRAM 000018
___lwdiv@quotient        cstackCOMRAM 00001A
___param_bank            (abs)        000000
___rparam_used           (abs)        000001
___sp                    stack        000000
___wmul                  text22       0014E4
___wmul@multiplicand     cstackCOMRAM 00001C
___wmul@multiplier       cstackCOMRAM 00001A
___wmul@product          cstackCOMRAM 00001E
__accesstop              (abs)        000080
__activetblptr           (abs)        000002
__end_of_Delay2ms        text18       001526
__end_of_Delay40us       text19       00153E
__end_of___awdiv         text25       000E64
__end_of___lwdiv         text23       001100
__end_of___wmul          text22       00150A
__end_of__initialization cinit        00154A
__end_of_adcInit         text26       0014E4
__end_of_adcRead         text24       001468
__end_of_aquec           text13       0013C8
__end_of_atraso_s        text4        001014
__end_of_contrVent       text20       00122C
__end_of_digitalWrite    text17       0008E6
__end_of_escolheOpcoes   text7        000DA0
__end_of_kpDebounce      text12       000CB2
__end_of_kpInit          text6        001572
__end_of_kpRead          text11       00157C
__end_of_lcdCommand      text16       000F9C
__end_of_lcdData         text15       001328
__end_of_lcdInit         text5        00108C
__end_of_lcdPrint        text3        001378
__end_of_lcdPrintInicio  text2        000F1E
__end_of_lcd_str         text14       001418
__end_of_luz             text10       0012D4
__end_of_main            text0        0011D0
__end_of_pinMode         text27       000B34
__end_of_porta           text9        001280
__end_of_pwmInit         text1        001568
__end_of_pwmSet1         text21       00116C
__end_of_valor@ssd$F502  smallconst   000611
__end_of_vent            text8        0014B4
__initialization         cinit        00153E
__mediumconst            mediumconst  000000
__pbssCOMRAM             bssCOMRAM    000001
__pcinit                 cinit        00153E
__pcstackCOMRAM          cstackCOMRAM 000016
__pnvCOMRAM              nvCOMRAM     000028
__psmallconst            smallconst   000600
__ptext0                 text0        00116C
__ptext1                 text1        001554
__ptext10                text10       001280
__ptext11                text11       001572
__ptext12                text12       000B34
__ptext13                text13       001378
__ptext14                text14       0013C8
__ptext15                text15       0012D4
__ptext16                text16       000F1E
__ptext17                text17       000698
__ptext18                text18       00150A
__ptext19                text19       001526
__ptext2                 text2        000E64
__ptext20                text20       0011D0
__ptext21                text21       001100
__ptext22                text22       0014E4
__ptext23                text23       00108C
__ptext24                text24       001418
__ptext25                text25       000DA0
__ptext26                text26       0014B4
__ptext27                text27       0008E6
__ptext3                 text3        001328
__ptext4                 text4        000F9C
__ptext5                 text5        001014
__ptext6                 text6        001568
__ptext7                 text7        000CB2
__ptext8                 text8        001468
__ptext9                 text9        00122C
__ramtop                 ramtop       000600
__size_of_Delay2ms       (abs)        000000
__size_of_Delay40us      (abs)        000000
__size_of___awdiv        (abs)        000000
__size_of___lwdiv        (abs)        000000
__size_of___wmul         (abs)        000000
__size_of_adcInit        (abs)        000000
__size_of_adcRead        (abs)        000000
__size_of_aquec          (abs)        000000
__size_of_atraso_s       (abs)        000000
__size_of_contrVent      (abs)        000000
__size_of_digitalWrite   (abs)        000000
__size_of_escolheOpcoes  (abs)        000000
__size_of_kpDebounce     (abs)        000000
__size_of_kpInit         (abs)        000000
__size_of_kpRead         (abs)        000000
__size_of_lcdCommand     (abs)        000000
__size_of_lcdData        (abs)        000000
__size_of_lcdInit        (abs)        000000
__size_of_lcdPrint       (abs)        000000
__size_of_lcdPrintInicio (abs)        000000
__size_of_lcd_str        (abs)        000000
__size_of_luz            (abs)        000000
__size_of_main           (abs)        000000
__size_of_pinMode        (abs)        000000
__size_of_porta          (abs)        000000
__size_of_pwmInit        (abs)        000000
__size_of_pwmSet1        (abs)        000000
__size_of_vent           (abs)        000000
__smallconst             smallconst   000600
_adcInit                 text26       0014B4
_adcRead                 text24       001418
_aquec                   text13       001378
_atraso_s                text4        000F9C
_contrVent               text20       0011D0
_digitalWrite            text17       000698
_display                 bssCOMRAM    000013
_escolheOpcoes           text7        000CB2
_estadoAquec             bssCOMRAM    000007
_estadoLuz               bssCOMRAM    000009
_estadoPorta             bssCOMRAM    00000D
_estadoVent              bssCOMRAM    00000B
_kpDebounce              text12       000B34
_kpInit                  text6        001568
_kpRead                  text11       001572
_lcdCommand              text16       000F1E
_lcdData                 text15       0012D4
_lcdInit                 text5        001014
_lcdPrint                text3        001328
_lcdPrintInicio          text2        000E64
_lcd_str                 text14       0013C8
_luz                     text10       001280
_main                    text0        00116C
_pinMode                 text27       0008E6
_porta                   text9        00122C
_pwmInit                 text1        001554
_pwmSet1                 text21       001100
_tecla                   nvCOMRAM     000028
_v0                      bssCOMRAM    000012
_v1                      bssCOMRAM    000011
_v2                      bssCOMRAM    000010
_v3                      bssCOMRAM    00000F
_valor                   bssCOMRAM    000005
_valor@ssd$F502          smallconst   000601
_vel                     bssCOMRAM    000015
_vent                    text8        001468
adcRead@ADvalor          cstackCOMRAM 000018
adcRead@channel          cstackCOMRAM 000016
atraso_s@i               cstackCOMRAM 000022
atraso_s@j               cstackCOMRAM 000024
atraso_s@k               cstackCOMRAM 000025
atraso_s@t               cstackCOMRAM 000020
digitalWrite@pin         cstackCOMRAM 000016
digitalWrite@value       cstackCOMRAM 000018
end_of_initialization    cinit        00154A
escolheOpcoes@aux        cstackCOMRAM 000026
intlevel0                text         000000
intlevel1                text         000000
intlevel2                text         000000
intlevel3                text         000000
isa$std                  (abs)        000001
isa$xinst                (abs)        000000
kpDebounce@i             cstackCOMRAM 00001F
kpDebounce@j             cstackCOMRAM 00001E
kpDebounce@k             cstackCOMRAM 00001C
kpDebounce@old_D         cstackCOMRAM 00001B
kpDebounce@tempo         bssCOMRAM    000014
kpDebounce@valorAntigo   bssCOMRAM    000001
kpDebounce@valorNovo     bssCOMRAM    000003
lcdCommand@cmd           cstackCOMRAM 00001D
lcdCommand@old_D         cstackCOMRAM 00001C
lcdData@old_D            cstackCOMRAM 00001D
lcdData@valor            cstackCOMRAM 00001C
lcd_str@i                cstackCOMRAM 000022
lcd_str@str              cstackCOMRAM 00001E
pinMode@pin              cstackCOMRAM 000016
pinMode@type             cstackCOMRAM 000018
pwmSet1@porcento         cstackCOMRAM 000022
pwmSet1@val              cstackCOMRAM 000023
stackhi                  (abs)        0005FF
stacklo                  (abs)        000080
start                    init         000000
start_initialization     cinit        00153E


MODULE INFORMATION

Module		Function		Class		Link	Load	Size
C:\Program Files\Microchip\xc8\v2.32\pic\sources\c99\common\awdiv.c
		___awdiv       		CODE           	0DA0	0000	196

C:\Program Files\Microchip\xc8\v2.32\pic\sources\c99\common\awdiv.c estimated size: 196

delay.c
		_atraso_s      		CODE           	0F9C	0000	120

delay.c estimated size: 120

keypad.c
		_kpInit        		CODE           	1568	0000	10
		_kpDebounce    		CODE           	0B34	0000	382
		_kpRead        		CODE           	1572	0000	10

keypad.c estimated size: 402

io.c
		_digitalWrite  		CODE           	0698	0000	590
		_pinMode       		CODE           	08E6	0000	590

io.c estimated size: 1180

pwm.c
		_pwmInit       		CODE           	1554	0000	20
		_pwmSet1       		CODE           	1100	0000	108

pwm.c estimated size: 128

C:\Program Files\Microchip\xc8\v2.32\pic\sources\c99\common\Umul16.c
		___wmul        		CODE           	14E4	0000	38

C:\Program Files\Microchip\xc8\v2.32\pic\sources\c99\common\Umul16.c estimated size: 38

adc.c
		_adcRead       		CODE           	1418	0000	80
		_adcInit       		CODE           	14B4	0000	48

adc.c estimated size: 128

shared
		_valor@ssd$F502		SMALLCONST     	0601	0000	16
		__initialization		CODE           	153E	0000	12

shared estimated size: 28

C:\Program Files\Microchip\xc8\v2.32\pic\sources\c99\common\lwdiv.c
		___lwdiv       		CODE           	108C	0000	116

C:\Program Files\Microchip\xc8\v2.32\pic\sources\c99\common\lwdiv.c estimated size: 116

lcd.c
		_lcdCommand    		CODE           	0F1E	0000	126
		_Delay40us     		CODE           	1526	0000	24
		_lcdInit       		CODE           	1014	0000	120
		_lcdData       		CODE           	12D4	0000	84
		_lcd_str       		CODE           	13C8	0000	80
		_Delay2ms      		CODE           	150A	0000	28

lcd.c estimated size: 462

main.c
		_vent          		CODE           	1468	0000	76
		_porta         		CODE           	122C	0000	84
		_lcdPrintInicio		CODE           	0E64	0000	186
		_aquec         		CODE           	1378	0000	80
		_main          		CODE           	116C	0000	100
		_escolheOpcoes 		CODE           	0CB2	0000	238
		_contrVent     		CODE           	11D0	0000	92
		_lcdPrint      		CODE           	1328	0000	80
		_luz           		CODE           	1280	0000	84

main.c estimated size: 1020

